[mikekus.com/index.html]
[mikekus.com/favicon.ico]
[mikekus.com/assets/css/app.min.css]
[mikekus.com/assets/css/png.min.css]
[www.google-analytics.com/analytics.js]
[backblue.gif]
[fade.gif]
[index.html]
[mikekus.com/about/index.html]
[mikekus.com/portfolio/beliyf/index.html]
[mikekus.com/assets/img/portfolio/beliyf/thumb.jpg]
[mikekus.com/portfolio/invision/index.html]
[mikekus.com/assets/img/portfolio/invision/thumb.jpg]
[mikekus.com/fonts/390899/4047576FB5143B9FD.css]
[mikekus.com/portfolio/future-insights-2015/index.html]
[mikekus.com/assets/img/portfolio/future-insights-2015/thumb.jpg]
[mikekus.com/portfolio/stamps/index.html]
[mikekus.com/assets/img/portfolio/stamps/thumb.jpg]
[mikekus.com/portfolio/craftsmen/index.html]
[mikekus.com/assets/img/portfolio/craftsmen/thumb.png]
[mikekus.com/assets/img/portfolio/mixd/thumb.jpg]
[mikekus.com/portfolio/mixd/index.html]
[mikekus.com/portfolio/future-insights/index.html]
[mikekus.com/assets/img/portfolio/future-insights/thumb.jpg]
[mikekus.com/portfolio/shopify/index.html]
[mikekus.com/assets/img/portfolio/shopify/thumb.jpg]
[mikekus.com/portfolio/mixture/index.html]
[mikekus.com/assets/img/portfolio/mixture/thumb.png]
[mikekus.com/portfolio/create-dm/index.html]
[mikekus.com/assets/img/portfolio/create-dm/thumb.png]
[mikekus.com/portfolio/smashing/index.html]
[mikekus.com/assets/img/portfolio/smashing/thumb.jpg]
[mikekus.com/portfolio/berocca/index.html]
[mikekus.com/assets/img/portfolio/berocca/thumb.jpg]
[mikekus.com/portfolio/olympics/index.html]
[mikekus.com/assets/img/portfolio/olympics/thumb.jpg]
[mikekus.com/portfolio/giftrocket/index.html]
[mikekus.com/assets/img/portfolio/giftrocket/thumb.png]
[mikekus.com/assets/img/portfolio/amazee/thumb.jpg]
[mikekus.com/portfolio/amazee/index.html]
[mikekus.com/assets/img/portfolio/chirp/thumb.png]
[mikekus.com/portfolio/chirp/index.html]
[mikekus.com/assets/img/portfolio/microsoft/thumb.jpg]
[mikekus.com/portfolio/microsoft/index.html]
[mikekus.com/assets/img/portfolio/twitter/thumb.jpg]
[mikekus.com/portfolio/twitter/index.html]
[mikekus.com/assets/img/portfolio/graphic-design/thumb.jpg]
[mikekus.com/portfolio/graphic-design/index.html]
[mikekus.com/portfolio/carsonified/index.html]
[mikekus.com/assets/img/portfolio/carsonified/thumb.png]
[mikekus.com/assets/img/portfolio/in-everyone/thumb.jpg]
[mikekus.com/portfolio/in-everyone/index.html]
[mikekus.com/portfolio/index.html]
[mikekus.com/assets/img/contact.jpg]
[mikekus.com/index.html]
[mikekus.com/fonts/390899/4047576FB5143B9FD.css]
[mikekus.com/assets/img/portfolio/smashing/home-bgrnd.jpg]
[mikekus.com/assets/img/portfolio/stamps/home-bgrnd.jpg]
[mikekus.com/assets/img/portfolio/in-everyone/bgrnd.jpg]
[mikekus.com/assets/img/portfolio/future-insights-2015/home-bgrnd.jpg]
[mikekus.com/assets/img/portfolio/amazee/2.1.jpg]
[mikekus.com/assets/img/portfolio/olympics/home-bgrnd.jpg]
[mikekus.com/assets/img/loading.gif]
[mikekus.com/assets/css/app.min.css]
[mikekus.com/assets/img/instagram.3c.delayed]
[mikekus.com/assets/img/instagram-red.3d.delayed]
[mikekus.com/assets/img/twitter.png]
[mikekus.com/assets/img/twitter-red.png]
[mikekus.com/assets/img/exposure.png]
[mikekus.com/assets/img/exposure-red.png]
[mikekus.com/assets/img/dribbble.png]
[mikekus.com/assets/img/dribbble-red.png]
[mikekus.com/assets/img/dribbble-white.png]
[mikekus.com/assets/img/instagram-white.45.delayed]
[mikekus.com/assets/img/twitter-white.png]
[mikekus.com/assets/img/exposure-white.png]
[mikekus.com/assets/img/hamburger.png]
[mikekus.com/assets/img/hamburger-red.png]
[mikekus.com/assets/img/hamburger-white.png]
[mikekus.com/assets/img/cross.png]
[mikekus.com/assets/img/cross-red.png]
[mikekus.com/assets/img/mikekus.png]
[mikekus.com/assets/img/mikekus-red.png]
[mikekus.com/assets/img/mikekus-white.png]
[mikekus.com/assets/img/arrow-right.png]
[mikekus.com/assets/img/arrow-right-white.png]
[mikekus.com/assets/img/arrow-left.png]
[mikekus.com/assets/img/arrow-left-white.png]
[mikekus.com/assets/css/png.min.css]
[mikekus.com/assets/img/instagram/1.jpg]
[mikekus.com/assets/js/vendor/modernizr.min.js]
[mikekus.com/assets/img/instagram/2.jpg]
[mikekus.com/assets/img/instagram/3.jpg]
[mikekus.com/assets/img/instagram/4.jpg]
[mikekus.com/assets/img/instagram/5.jpg]
[mikekus.com/assets/img/instagram/6.jpg]
[mikekus.com/assets/img/instagram/7.jpg]
[mikekus.com/assets/img/instagram/8.jpg]
[mikekus.com/assets/img/instagram/9.jpg]
[mikekus.com/assets/img/instagram/10.jpg]
[mikekus.com/assets/img/instagram/11.jpg]
[mikekus.com/assets/img/instagram/12.jpg]
[mikekus.com/about/index.html]
[mikekus.com/assets/img/portfolio/beliyf/1.png]
[mikekus.com/assets/img/portfolio/beliyf/1.jpg]
[mikekus.com/assets/img/portfolio/beliyf/2.jpg]
[mikekus.com/assets/img/portfolio/beliyf/3.jpg]
[mikekus.com/assets/img/portfolio/beliyf/4.jpg]
[mikekus.com/portfolio/beliyf/index.html]
[mikekus.com/assets/img/portfolio/invision/home.jpg]
[mikekus.com/assets/img/portfolio/invision/2.jpg]
[mikekus.com/assets/img/portfolio/invision/3.jpg]
[mikekus.com/assets/img/portfolio/invision/4.jpg]
[mikekus.com/assets/img/portfolio/invision/5.jpg]
[mikekus.com/assets/img/portfolio/invision/6.jpg]
[mikekus.com/assets/img/portfolio/invision/7.jpg]
[mikekus.com/portfolio/invision/index.html]
[mikekus.com/assets/img/portfolio/future-insights-2015/home.png]
[mikekus.com/assets/img/portfolio/future-insights-2015/1.jpg]
[mikekus.com/assets/img/portfolio/future-insights-2015/2.jpg]
[mikekus.com/assets/img/portfolio/future-insights-2015/3.jpg]
[mikekus.com/portfolio/future-insights-2015/index.html]
[mikekus.com/assets/img/portfolio/stamps/1.png]
[mikekus.com/assets/img/portfolio/stamps/2.jpg]
[mikekus.com/assets/img/portfolio/stamps/3.jpg]
[mikekus.com/assets/img/portfolio/stamps/4.jpg]
[mikekus.com/assets/img/portfolio/stamps/5.jpg]
[mikekus.com/assets/img/portfolio/stamps/6.jpg]
[mikekus.com/portfolio/stamps/index.html]
[mikekus.com/assets/img/portfolio/craftsmen/1.gif]
[mikekus.com/assets/img/portfolio/craftsmen/2.png]
[mikekus.com/assets/img/portfolio/craftsmen/3.gif]
[mikekus.com/assets/img/portfolio/craftsmen/4.gif]
[mikekus.com/assets/img/portfolio/craftsmen/5.jpg]
[mikekus.com/assets/img/portfolio/craftsmen/6.gif]
[mikekus.com/assets/img/portfolio/craftsmen/7.gif]
[mikekus.com/portfolio/craftsmen/index.html]
[mikekus.com/assets/img/portfolio/mixd/1.png]
[mikekus.com/assets/img/portfolio/mixd/2.gif]
[mikekus.com/assets/img/portfolio/mixd/3.jpg]
[mikekus.com/assets/img/portfolio/mixd/4.jpg]
[mikekus.com/assets/img/portfolio/mixd/5.gif]
[mikekus.com/assets/img/portfolio/mixd/6.jpg]
[mikekus.com/portfolio/mixd/index.html]
[mikekus.com/assets/img/portfolio/future-insights/1.png]
[mikekus.com/assets/img/portfolio/future-insights/2.jpg]
[mikekus.com/assets/img/portfolio/future-insights/3.gif]
[mikekus.com/portfolio/index.86.delayed]
[mikekus.com/portfolio/future-insights/index.html]
[mikekus.com/assets/img/portfolio/shopify/1.gif]
[mikekus.com/assets/img/portfolio/shopify/2.png]
[mikekus.com/assets/img/portfolio/shopify/3.jpg]
[mikekus.com/assets/img/portfolio/shopify/4.jpg]
[mikekus.com/assets/img/portfolio/shopify/5.jpg]
[mikekus.com/assets/img/portfolio/shopify/6.jpg]
[mikekus.com/portfolio/shopify/index.html]
[mikekus.com/assets/img/portfolio/mixture/1.gif]
[mikekus.com/assets/img/portfolio/mixture/2.gif]
[mikekus.com/assets/img/portfolio/mixture/3.gif]
[mikekus.com/assets/img/portfolio/mixture/4.gif]
[mikekus.com/portfolio/mixture/index.html]
[mikekus.com/assets/img/portfolio/create-dm/1.gif]
[mikekus.com/assets/img/portfolio/create-dm/2.gif]
[mikekus.com/assets/img/portfolio/create-dm/3.gif]
[mikekus.com/assets/img/portfolio/create-dm/4.jpg]
[mikekus.com/portfolio/create-dm/index.html]
[mikekus.com/assets/img/portfolio/smashing/1.png]
[mikekus.com/assets/img/portfolio/smashing/2.jpg]
[mikekus.com/assets/img/portfolio/smashing/3.jpg]
[mikekus.com/assets/img/portfolio/smashing/4.jpg]
[mikekus.com/assets/img/portfolio/smashing/5.jpg]
[mikekus.com/portfolio/smashing/index.html]
[mikekus.com/assets/img/portfolio/berocca/home.png]
[mikekus.com/assets/img/portfolio/berocca/2.jpg]
[mikekus.com/assets/img/portfolio/berocca/3.jpg]
[mikekus.com/assets/img/portfolio/berocca/4.jpg]
[mikekus.com/assets/img/portfolio/berocca/5.jpg]
[mikekus.com/portfolio/berocca/index.html]
[mikekus.com/assets/img/portfolio/olympics/1.png]
[mikekus.com/assets/img/portfolio/olympics/1.jpg]
[mikekus.com/assets/img/portfolio/olympics/2.jpg]
[mikekus.com/assets/img/portfolio/olympics/3.jpg]
[mikekus.com/assets/img/portfolio/olympics/4.jpg]
[mikekus.com/portfolio/olympics/index.html]
[mikekus.com/assets/img/portfolio/giftrocket/1.gif]
[mikekus.com/assets/img/portfolio/giftrocket/2.gif]
[mikekus.com/assets/img/portfolio/giftrocket/3.gif]
[mikekus.com/assets/img/portfolio/giftrocket/4.gif]
[mikekus.com/assets/img/portfolio/giftrocket/5.gif]
[mikekus.com/portfolio/giftrocket/index.html]
[mikekus.com/assets/img/portfolio/amazee/1.gif]
[mikekus.com/assets/img/portfolio/amazee/2.gif]
[mikekus.com/assets/img/portfolio/amazee/3.jpg]
[mikekus.com/assets/img/portfolio/amazee/4.jpg]
[mikekus.com/portfolio/amazee/index.html]
[mikekus.com/assets/img/portfolio/chirp/1.gif]
[mikekus.com/assets/img/portfolio/chirp/2.jpg]
[mikekus.com/assets/img/portfolio/chirp/3.jpg]
[mikekus.com/assets/img/portfolio/chirp/4.jpg]
[mikekus.com/portfolio/chirp/index.html]
[mikekus.com/assets/img/portfolio/microsoft/1.gif]
[mikekus.com/assets/img/portfolio/microsoft/2.jpg]
[mikekus.com/assets/img/portfolio/microsoft/3.jpg]
[mikekus.com/assets/img/portfolio/microsoft/4.jpg]
[mikekus.com/assets/img/portfolio/microsoft/5.jpg]
[mikekus.com/portfolio/microsoft/index.html]
[mikekus.com/assets/img/portfolio/twitter/1.png]
[mikekus.com/assets/img/portfolio/twitter/2.jpg]
[mikekus.com/assets/img/portfolio/twitter/3.jpg]
[mikekus.com/assets/img/portfolio/twitter/4.jpg]
[mikekus.com/assets/img/portfolio/twitter/5.jpg]
[mikekus.com/assets/img/portfolio/twitter/6.jpg]
[mikekus.com/portfolio/twitter/index.html]
[mikekus.com/assets/img/portfolio/graphic-design/1.jpg]
[mikekus.com/assets/img/portfolio/graphic-design/2.jpg]
[mikekus.com/assets/img/portfolio/graphic-design/3.jpg]
[mikekus.com/assets/img/portfolio/graphic-design/4.jpg]
[mikekus.com/assets/img/portfolio/graphic-design/5.jpg]
[mikekus.com/assets/img/portfolio/graphic-design/6.jpg]
[mikekus.com/assets/img/portfolio/graphic-design/7.jpg]
[mikekus.com/assets/img/portfolio/graphic-design/8.jpg]
[mikekus.com/portfolio/graphic-design/index.html]
[mikekus.com/assets/img/portfolio/carsonified/1.gif]
[mikekus.com/assets/img/portfolio/carsonified/2.jpg]
[mikekus.com/assets/img/portfolio/carsonified/3.jpg]
[mikekus.com/assets/img/portfolio/carsonified/4.jpg]
[mikekus.com/assets/img/portfolio/carsonified/5.jpg]
[mikekus.com/assets/img/portfolio/carsonified/6.png]
[mikekus.com/assets/img/portfolio/carsonified/7.png]
[mikekus.com/assets/img/portfolio/carsonified/8.png]
[mikekus.com/portfolio/carsonified/index.html]
[mikekus.com/assets/img/portfolio/in-everyone/1.gif]
[mikekus.com/assets/img/portfolio/in-everyone/2.jpg]
[mikekus.com/assets/img/portfolio/in-everyone/3.jpg]
[mikekus.com/assets/img/portfolio/in-everyone/4.jpg]
[mikekus.com/portfolio/in-everyone/index.html]
[mikekus.com/portfolio/index.html]
[mikekus.com/assets/img/instagram.html]
[mikekus.com/assets/img/instagram-red.html]
[mikekus.com/assets/img/instagram-white.html]
[mikekus.com/portfolio/index-2.html]
[mikekus.com/assets/img/portfolio/smashing/1.png]
[mikekus.com/assets/js/scripts.min.js]
